{
  "version": "1.4.0",
  "plugins_used": [
    {
      "name": "ArtifactoryDetector"
    },
    {
      "name": "AWSKeyDetector"
    },
    {
      "name": "AzureStorageKeyDetector"
    },
    {
      "name": "Base64HighEntropyString",
      "limit": 4.5
    },
    {
      "name": "BasicAuthDetector"
    },
    {
      "name": "CloudantDetector"
    },
    {
      "name": "DiscordBotTokenDetector"
    },
    {
      "name": "GitHubTokenDetector"
    },
    {
      "name": "HexHighEntropyString",
      "limit": 3.0
    },
    {
      "name": "IbmCloudIamDetector"
    },
    {
      "name": "IbmCosHmacDetector"
    },
    {
      "name": "JwtTokenDetector"
    },
    {
      "name": "KeyaccessDetector"
    },
    {
      "name": "MailchimpDetector"
    },
    {
      "name": "NpmDetector"
    },
    {
      "name": "PrivateKeyDetector"
    },
    {
      "name": "SendGridDetector"
    },
    {
      "name": "SlackDetector"
    },
    {
      "name": "SoftlayerDetector"
    },
    {
      "name": "SquareOAuthDetector"
    },
    {
      "name": "StripeDetector"
    },
    {
      "name": "TwilioKeyDetector"
    }
  ],
  "filters_used": [
    {
      "path": "detect_secrets.filters.allowlist.is_line_allowlisted"
    },
    {
      "path": "detect_secrets.filters.common.is_baseline",
      "filename": ".secrets.baseline"
    },
    {
      "path": "detect_secrets.filters.common.is_ignored_by_default"
    },
    {
      "path": "detect_secrets.filters.common.is_ignored_due_to_verification_policies",
      "verification_policies": [
        {
          "name": "github token exclusion list"
        }
      ]
    }
  ],
  "results": {
    ".env.example": [
      {
        "type": "Secret Keyword",
        "filename": ".env.example",
        "hashed_secret": "4b4b4b4b4b4b4b4b4b4b4b4b4b4b4b4b4b4b4b4b",
        "is_verified": false,
        "line_number": 6
      },
      {
        "type": "Secret Keyword",
        "filename": ".env.example",
        "hashed_secret": "5c5c5c5c5c5c5c5c5c5c5c5c5c5c5c5c5c5c5c5c",
        "is_verified": false,
        "line_number": 7
      }
    ],
    ".env.development": [
      {
        "type": "Secret Keyword",
        "filename": ".env.development",
        "hashed_secret": "6d6d6d6d6d6d6d6d6d6d6d6d6d6d6d6d6d6d6d6d",
        "is_verified": false,
        "line_number": 5
      },
      {
        "type": "Secret Keyword",
        "filename": ".env.development",
        "hashed_secret": "7e7e7e7e7e7e7e7e7e7e7e7e7e7e7e7e7e7e7e7e",
        "is_verified": false,
        "line_number": 6
      },
      {
        "type": "Secret Keyword",
        "filename": ".env.development",
        "hashed_secret": "8f8f8f8f8f8f8f8f8f8f8f8f8f8f8f8f8f8f8f8f",
        "is_verified": false,
        "line_number": 8
      }
    ]
  },
  "generated_at": "2026-05-11T00:00:00Z"
}
